> Task :app:checkKotlinGradlePluginConfigurationErrors SKIPPED
> Task :app:preBuild UP-TO-DATE
> Task :app:preDebugBuild UP-TO-DATE
> Task :app:checkDebugAarMetadata UP-TO-DATE
> Task :app:processDebugNavigationResources UP-TO-DATE
> Task :app:compileDebugNavigationResources UP-TO-DATE
> Task :app:generateDebugResValues UP-TO-DATE
> Task :app:mapDebugSourceSetPaths UP-TO-DATE
> Task :app:generateDebugResources UP-TO-DATE
> Task :app:mergeDebugResources UP-TO-DATE
> Task :app:packageDebugResources UP-TO-DATE
> Task :app:parseDebugLocalResources UP-TO-DATE
> Task :app:createDebugCompatibleScreenManifests UP-TO-DATE
> Task :app:extractDeepLinksDebug UP-TO-DATE
> Task :app:processDebugMainManifest UP-TO-DATE
> Task :app:processDebugManifest UP-TO-DATE
> Task :app:processDebugManifestForPackage UP-TO-DATE
> Task :app:processDebugResources UP-TO-DATE
> Task :app:compileDebugKotlin UP-TO-DATE
> Task :app:javaPreCompileDebug UP-TO-DATE
> Task :app:compileDebugJavaWithJavac NO-SOURCE
> Task :app:bundleDebugClassesToRuntimeJar UP-TO-DATE
> Task :app:bundleDebugClassesToCompileJar UP-TO-DATE
> Task :app:compileDebugUnitTestKotlin UP-TO-DATE
> Task :app:preDebugUnitTestBuild UP-TO-DATE
> Task :app:javaPreCompileDebugUnitTest UP-TO-DATE
> Task :app:compileDebugUnitTestJavaWithJavac NO-SOURCE
> Task :app:mergeDebugShaders UP-TO-DATE
> Task :app:compileDebugShaders NO-SOURCE
> Task :app:generateDebugAssets UP-TO-DATE
> Task :app:mergeDebugAssets UP-TO-DATE
> Task :app:packageDebugUnitTestForUnitTest UP-TO-DATE
> Task :app:processDebugUnitTestManifest UP-TO-DATE
> Task :app:generateDebugUnitTestConfig UP-TO-DATE
> Task :app:processDebugJavaRes UP-TO-DATE
> Task :app:processDebugUnitTestJavaRes UP-TO-DATE

> Task :app:testDebugUnitTest

EditContactActivityTest > initializationError FAILED
    java.lang.IllegalArgumentException at RobolectricTestRunner.java:216
        Caused by: java.lang.IllegalArgumentException at DefaultSdkPicker.java:118

ContactAdapterTest > initializationError FAILED
    java.lang.IllegalArgumentException at RobolectricTestRunner.java:216
        Caused by: java.lang.IllegalArgumentException at DefaultSdkPicker.java:118

DatabaseHelperTest > initializationError FAILED
    java.lang.IllegalArgumentException at RobolectricTestRunner.java:216
        Caused by: java.lang.IllegalArgumentException at DefaultSdkPicker.java:118
./gradlew : 
At line:1 char:1
+ ./gradlew 
testDebugUnitTest > 
test_output.txt 2>&1
+ ~~~~~~~~~~~~~~~~~~~~~~~~~~~
~~~~~~~~~~~~~~~~~~~~~~~
    + CategoryInfo           
   : NotSpecified: (:String  
  ) [], RemoteException
    + FullyQualifiedErrorId  
   : NativeCommandError
 
77 tests completed, 3 failed

> Task :app:testDebugUnitTest FAILED

FAILURE: Build failed with 
an exception.

* What went wrong:
Execution failed for task 
':app:testDebugUnitTest'.
> There were failing tests. 
See the report at: file:///C:
/Users/shrut/AndroidStudioPro
jects/AssignmentFourPartTwo/a
pp/build/reports/tests/testDe
bugUnitTest/index.html

* Try:
> Run with --scan to get 
full insights.

BUILD FAILED in 52s
29 actionable tasks: 1 executed, 28 up-to-date
